eğitim 229 video (52 kişi), doğrulama 27 video, cihaz cuda
başlangıç ağırlıkları: /kaggle/working/rppg/results/derin_ogrenme/kaggle/cikti/best.pth
başlangıç modeli doğrulama MAE: 2.20 BPM
  eğitim kümesi: 241 video (56 kişi)
  epoch 1 adım 100/500 kayıp 0.4525
  epoch 1 adım 200/500 kayıp 0.4365
  epoch 1 adım 300/500 kayıp 0.4171
  epoch 1 adım 400/500 kayıp 0.4300
  epoch 1 adım 500/500 kayıp 0.4091
epoch 1: kayıp 0.4290, doğrulama MAE 2.98 BPM, en iyi 2.20 (epoch 0), 204 s [15:52:12]
  eğitim kümesi: 298 video (71 kişi)
  epoch 2 adım 100/500 kayıp 0.4226
  epoch 2 adım 200/500 kayıp 0.4075
  epoch 2 adım 300/500 kayıp 0.4266
  epoch 2 adım 400/500 kayıp 0.4226
  epoch 2 adım 500/500 kayıp 0.4195
epoch 2: kayıp 0.4198, doğrulama MAE 2.90 BPM, en iyi 2.20 (epoch 0), 208 s [15:55:41]
  eğitim kümesi: 348 video (87 kişi)
  epoch 3 adım 100/500 kayıp 0.4101
  epoch 3 adım 200/500 kayıp 0.4099
  epoch 3 adım 300/500 kayıp 0.4186
  epoch 3 adım 400/500 kayıp 0.4228
  epoch 3 adım 500/500 kayıp 0.4248
epoch 3: kayıp 0.4172, doğrulama MAE 2.93 BPM, en iyi 2.20 (epoch 0), 208 s [15:59:09]
  eğitim kümesi: 398 video (102 kişi)
  epoch 4 adım 100/500 kayıp 0.3998
  epoch 4 adım 200/500 kayıp 0.4211
  epoch 4 adım 300/500 kayıp 0.4111
  epoch 4 adım 400/500 kayıp 0.4099
  epoch 4 adım 500/500 kayıp 0.4184
epoch 4: kayıp 0.4121, doğrulama MAE 2.65 BPM, en iyi 2.20 (epoch 0), 207 s [16:02:36]
  eğitim kümesi: 446 video (114 kişi)
  epoch 5 adım 100/500 kayıp 0.4123
  epoch 5 adım 200/500 kayıp 0.3963
  epoch 5 adım 300/500 kayıp 0.4130
  epoch 5 adım 400/500 kayıp 0.4149
  epoch 5 adım 500/500 kayıp 0.4113
epoch 5: kayıp 0.4096, doğrulama MAE 2.80 BPM, en iyi 2.20 (epoch 0), 205 s [16:06:00]
  eğitim kümesi: 510 video (126 kişi)
  epoch 6 adım 100/500 kayıp 0.4037
  epoch 6 adım 200/500 kayıp 0.4079
  epoch 6 adım 300/500 kayıp 0.4088
  epoch 6 adım 400/500 kayıp 0.4105
  epoch 6 adım 500/500 kayıp 0.4149
epoch 6: kayıp 0.4092, doğrulama MAE 3.02 BPM, en iyi 2.20 (epoch 0), 207 s [16:09:27]
  eğitim kümesi: 563 video (136 kişi)
  epoch 7 adım 100/500 kayıp 0.3951
  epoch 7 adım 200/500 kayıp 0.3964
  epoch 7 adım 300/500 kayıp 0.3938
  epoch 7 adım 400/500 kayıp 0.4090
  epoch 7 adım 500/500 kayıp 0.4031
epoch 7: kayıp 0.3995, doğrulama MAE 2.69 BPM, en iyi 2.20 (epoch 0), 205 s [16:12:52]
  eğitim kümesi: 616 video (146 kişi)
  epoch 8 adım 100/500 kayıp 0.3918
  epoch 8 adım 200/500 kayıp 0.3921
  epoch 8 adım 300/500 kayıp 0.4078
  epoch 8 adım 400/500 kayıp 0.3889
  epoch 8 adım 500/500 kayıp 0.4026
epoch 8: kayıp 0.3966, doğrulama MAE 2.71 BPM, en iyi 2.20 (epoch 0), 206 s [16:16:18]
  eğitim kümesi: 676 video (157 kişi)
  epoch 9 adım 100/500 kayıp 0.4053
  epoch 9 adım 200/500 kayıp 0.4121
  epoch 9 adım 300/500 kayıp 0.3980
  epoch 9 adım 400/500 kayıp 0.3943
  epoch 9 adım 500/500 kayıp 0.3784
epoch 9: kayıp 0.3976, doğrulama MAE 2.79 BPM, en iyi 2.20 (epoch 0), 207 s [16:19:45]
  eğitim kümesi: 725 video (166 kişi)
  epoch 10 adım 100/500 kayıp 0.3992
  epoch 10 adım 200/500 kayıp 0.4020
  epoch 10 adım 300/500 kayıp 0.4045
  epoch 10 adım 400/500 kayıp 0.3997
  epoch 10 adım 500/500 kayıp 0.3954
epoch 10: kayıp 0.4002, doğrulama MAE 2.86 BPM, en iyi 2.20 (epoch 0), 206 s [16:23:11]
  eğitim kümesi: 775 video (176 kişi)
  epoch 11 adım 100/500 kayıp 0.4054
  epoch 11 adım 200/500 kayıp 0.4049
  epoch 11 adım 300/500 kayıp 0.3921
  epoch 11 adım 400/500 kayıp 0.4120
  epoch 11 adım 500/500 kayıp 0.4182
epoch 11: kayıp 0.4065, doğrulama MAE 2.81 BPM, en iyi 2.20 (epoch 0), 207 s [16:26:38]
  eğitim kümesi: 825 video (186 kişi)
  epoch 12 adım 100/500 kayıp 0.4056
  epoch 12 adım 200/500 kayıp 0.4093
  epoch 12 adım 300/500 kayıp 0.3950
  epoch 12 adım 400/500 kayıp 0.3952
  epoch 12 adım 500/500 kayıp 0.4040
epoch 12: kayıp 0.4018, doğrulama MAE 2.65 BPM, en iyi 2.20 (epoch 0), 205 s [16:30:03]
  eğitim kümesi: 880 video (197 kişi)
  epoch 13 adım 100/500 kayıp 0.3952
  epoch 13 adım 200/500 kayıp 0.4103
  epoch 13 adım 300/500 kayıp 0.4024
  epoch 13 adım 400/500 kayıp 0.4120
  epoch 13 adım 500/500 kayıp 0.3960
epoch 13: kayıp 0.4032, doğrulama MAE 2.86 BPM, en iyi 2.20 (epoch 0), 208 s [16:33:31]
  eğitim kümesi: 943 video (208 kişi)
  epoch 14 adım 100/500 kayıp 0.3992
  epoch 14 adım 200/500 kayıp 0.4066
  epoch 14 adım 300/500 kayıp 0.4134
  epoch 14 adım 400/500 kayıp 0.3956
  epoch 14 adım 500/500 kayıp 0.4090
epoch 14: kayıp 0.4048, doğrulama MAE 2.83 BPM, en iyi 2.20 (epoch 0), 207 s [16:36:59]
  eğitim kümesi: 1000 video (219 kişi)
  epoch 15 adım 100/500 kayıp 0.4014
  epoch 15 adım 200/500 kayıp 0.3986
  epoch 15 adım 300/500 kayıp 0.4055
  epoch 15 adım 400/500 kayıp 0.3965
  epoch 15 adım 500/500 kayıp 0.4058
epoch 15: kayıp 0.4016, doğrulama MAE 2.79 BPM, en iyi 2.20 (epoch 0), 204 s [16:40:23]
  eğitim kümesi: 1056 video (230 kişi)
  epoch 16 adım 100/500 kayıp 0.3932
  epoch 16 adım 200/500 kayıp 0.3956
  epoch 16 adım 300/500 kayıp 0.3953
  epoch 16 adım 400/500 kayıp 0.4066
  epoch 16 adım 500/500 kayıp 0.3970
epoch 16: kayıp 0.3975, doğrulama MAE 2.70 BPM, en iyi 2.20 (epoch 0), 202 s [16:43:45]
  eğitim kümesi: 1112 video (242 kişi)
  epoch 17 adım 100/500 kayıp 0.3884
  epoch 17 adım 200/500 kayıp 0.3982
  epoch 17 adım 300/500 kayıp 0.4001
  epoch 17 adım 400/500 kayıp 0.3970
  epoch 17 adım 500/500 kayıp 0.4080
epoch 17: kayıp 0.3983, doğrulama MAE 2.75 BPM, en iyi 2.20 (epoch 0), 201 s [16:47:06]
  eğitim kümesi: 1159 video (251 kişi)
  epoch 18 adım 100/500 kayıp 0.3937
  epoch 18 adım 200/500 kayıp 0.3984
  epoch 18 adım 300/500 kayıp 0.3929
  epoch 18 adım 400/500 kayıp 0.3968
  epoch 18 adım 500/500 kayıp 0.3998
epoch 18: kayıp 0.3963, doğrulama MAE 2.77 BPM, en iyi 2.20 (epoch 0), 201 s [16:50:27]
  eğitim kümesi: 1217 video (262 kişi)
  epoch 19 adım 100/500 kayıp 0.4055
  epoch 19 adım 200/500 kayıp 0.3947
  epoch 19 adım 300/500 kayıp 0.4032
  epoch 19 adım 400/500 kayıp 0.3953
  epoch 19 adım 500/500 kayıp 0.3963
epoch 19: kayıp 0.3990, doğrulama MAE 2.73 BPM, en iyi 2.20 (epoch 0), 202 s [16:53:49]
  eğitim kümesi: 1263 video (273 kişi)
  epoch 20 adım 100/500 kayıp 0.4105
  epoch 20 adım 200/500 kayıp 0.4033
  epoch 20 adım 300/500 kayıp 0.3915
  epoch 20 adım 400/500 kayıp 0.3882
  epoch 20 adım 500/500 kayıp 0.3981
epoch 20: kayıp 0.3983, doğrulama MAE 2.79 BPM, en iyi 2.20 (epoch 0), 200 s [16:57:09]
  eğitim kümesi: 1298 video (281 kişi)
  epoch 21 adım 100/500 kayıp 0.4031
  epoch 21 adım 200/500 kayıp 0.4127
  epoch 21 adım 300/500 kayıp 0.4132
  epoch 21 adım 400/500 kayıp 0.4117
  epoch 21 adım 500/500 kayıp 0.3959
epoch 21: kayıp 0.4073, doğrulama MAE 2.65 BPM, en iyi 2.20 (epoch 0), 200 s [17:00:29]
  eğitim kümesi: 1352 video (290 kişi)
  epoch 22 adım 100/500 kayıp 0.3955
  epoch 22 adım 200/500 kayıp 0.3964
  epoch 22 adım 300/500 kayıp 0.3994
  epoch 22 adım 400/500 kayıp 0.3904
  epoch 22 adım 500/500 kayıp 0.3990
epoch 22: kayıp 0.3961, doğrulama MAE 2.87 BPM, en iyi 2.20 (epoch 0), 202 s [17:03:50]
  eğitim kümesi: 1398 video (301 kişi)
  epoch 23 adım 100/500 kayıp 0.3926
  epoch 23 adım 200/500 kayıp 0.3890
  epoch 23 adım 300/500 kayıp 0.3758
  epoch 23 adım 400/500 kayıp 0.3905
  epoch 23 adım 500/500 kayıp 0.3963
epoch 23: kayıp 0.3888, doğrulama MAE 2.73 BPM, en iyi 2.20 (epoch 0), 201 s [17:07:11]
  eğitim kümesi: 1451 video (311 kişi)
  epoch 24 adım 100/500 kayıp 0.3839
  epoch 24 adım 200/500 kayıp 0.3861
  epoch 24 adım 300/500 kayıp 0.4041
  epoch 24 adım 400/500 kayıp 0.4031
  epoch 24 adım 500/500 kayıp 0.3919
epoch 24: kayıp 0.3938, doğrulama MAE 2.74 BPM, en iyi 2.20 (epoch 0), 203 s [17:10:34]
  eğitim kümesi: 1508 video (321 kişi)
  epoch 25 adım 100/500 kayıp 0.3995
  epoch 25 adım 200/500 kayıp 0.3890
  epoch 25 adım 300/500 kayıp 0.3991
  epoch 25 adım 400/500 kayıp 0.4053
  epoch 25 adım 500/500 kayıp 0.3893
epoch 25: kayıp 0.3964, doğrulama MAE 2.87 BPM, en iyi 2.20 (epoch 0), 207 s [17:14:00]
  eğitim kümesi: 1567 video (332 kişi)
  epoch 26 adım 100/500 kayıp 0.3947
  epoch 26 adım 200/500 kayıp 0.3904
  epoch 26 adım 300/500 kayıp 0.3827
  epoch 26 adım 400/500 kayıp 0.3938
  epoch 26 adım 500/500 kayıp 0.3928
epoch 26: kayıp 0.3909, doğrulama MAE 2.66 BPM, en iyi 2.20 (epoch 0), 204 s [17:17:25]
  eğitim kümesi: 1620 video (343 kişi)
  epoch 27 adım 100/500 kayıp 0.3944
  epoch 27 adım 200/500 kayıp 0.3839
  epoch 27 adım 300/500 kayıp 0.4064
  epoch 27 adım 400/500 kayıp 0.4027
  epoch 27 adım 500/500 kayıp 0.3987
epoch 27: kayıp 0.3972, doğrulama MAE 2.90 BPM, en iyi 2.20 (epoch 0), 203 s [17:20:48]
  eğitim kümesi: 1677 video (355 kişi)
  epoch 28 adım 100/500 kayıp 0.3949
  epoch 28 adım 200/500 kayıp 0.3960
  epoch 28 adım 300/500 kayıp 0.3954
  epoch 28 adım 400/500 kayıp 0.3994
  epoch 28 adım 500/500 kayıp 0.3893
epoch 28: kayıp 0.3950, doğrulama MAE 2.64 BPM, en iyi 2.20 (epoch 0), 202 s [17:24:10]
  eğitim kümesi: 1736 video (367 kişi)
  epoch 29 adım 100/500 kayıp 0.3960
  epoch 29 adım 200/500 kayıp 0.3820
  epoch 29 adım 300/500 kayıp 0.4005
  epoch 29 adım 400/500 kayıp 0.3983
  epoch 29 adım 500/500 kayıp 0.3963
epoch 29: kayıp 0.3946, doğrulama MAE 2.63 BPM, en iyi 2.20 (epoch 0), 206 s [17:27:36]
  eğitim kümesi: 1796 video (378 kişi)
  epoch 30 adım 100/500 kayıp 0.3902
  epoch 30 adım 200/500 kayıp 0.3886
  epoch 30 adım 300/500 kayıp 0.4072
  epoch 30 adım 400/500 kayıp 0.3987
  epoch 30 adım 500/500 kayıp 0.3970
epoch 30: kayıp 0.3963, doğrulama MAE 2.79 BPM, en iyi 2.20 (epoch 0), 204 s [17:31:00]
  eğitim kümesi: 1840 video (388 kişi)
  epoch 31 adım 100/500 kayıp 0.4038
  epoch 31 adım 200/500 kayıp 0.3936
  epoch 31 adım 300/500 kayıp 0.3984
  epoch 31 adım 400/500 kayıp 0.3905
  epoch 31 adım 500/500 kayıp 0.4069
epoch 31: kayıp 0.3987, doğrulama MAE 2.88 BPM, en iyi 2.20 (epoch 0), 206 s [17:34:26]
  eğitim kümesi: 1893 video (399 kişi)
  epoch 32 adım 100/500 kayıp 0.3936
  epoch 32 adım 200/500 kayıp 0.3975
  epoch 32 adım 300/500 kayıp 0.3909
  epoch 32 adım 400/500 kayıp 0.3883
  epoch 32 adım 500/500 kayıp 0.3976
epoch 32: kayıp 0.3936, doğrulama MAE 2.78 BPM, en iyi 2.20 (epoch 0), 205 s [17:37:51]
  eğitim kümesi: 1935 video (408 kişi)
  epoch 33 adım 100/500 kayıp 0.3964
  epoch 33 adım 200/500 kayıp 0.4001
  epoch 33 adım 300/500 kayıp 0.3910
  epoch 33 adım 400/500 kayıp 0.3987
  epoch 33 adım 500/500 kayıp 0.3873
epoch 33: kayıp 0.3947, doğrulama MAE 2.77 BPM, en iyi 2.20 (epoch 0), 204 s [17:41:15]
  eğitim kümesi: 1981 video (417 kişi)
  epoch 34 adım 100/500 kayıp 0.3936
  epoch 34 adım 200/500 kayıp 0.3828
  epoch 34 adım 300/500 kayıp 0.3910
  epoch 34 adım 400/500 kayıp 0.4063
  epoch 34 adım 500/500 kayıp 0.4018
epoch 34: kayıp 0.3951, doğrulama MAE 2.89 BPM, en iyi 2.20 (epoch 0), 205 s [17:44:40]
  eğitim kümesi: 2029 video (426 kişi)
  epoch 35 adım 100/500 kayıp 0.3972
  epoch 35 adım 200/500 kayıp 0.3988
  epoch 35 adım 300/500 kayıp 0.4075
  epoch 35 adım 400/500 kayıp 0.3943
  epoch 35 adım 500/500 kayıp 0.3948
epoch 35: kayıp 0.3985, doğrulama MAE 2.70 BPM, en iyi 2.20 (epoch 0), 203 s [17:48:03]
  eğitim kümesi: 2080 video (436 kişi)
  epoch 36 adım 100/500 kayıp 0.3966
  epoch 36 adım 200/500 kayıp 0.3783
  epoch 36 adım 300/500 kayıp 0.3893
  epoch 36 adım 400/500 kayıp 0.4011
  epoch 36 adım 500/500 kayıp 0.3960
epoch 36: kayıp 0.3923, doğrulama MAE 2.78 BPM, en iyi 2.20 (epoch 0), 206 s [17:51:29]
  eğitim kümesi: 2129 video (446 kişi)
  epoch 37 adım 100/500 kayıp 0.4035
  epoch 37 adım 200/500 kayıp 0.4023
  epoch 37 adım 300/500 kayıp 0.3893
  epoch 37 adım 400/500 kayıp 0.3827
  epoch 37 adım 500/500 kayıp 0.3996
epoch 37: kayıp 0.3955, doğrulama MAE 2.79 BPM, en iyi 2.20 (epoch 0), 203 s [17:54:52]
  eğitim kümesi: 2186 video (457 kişi)
  epoch 38 adım 100/500 kayıp 0.4032
  epoch 38 adım 200/500 kayıp 0.3905
  epoch 38 adım 300/500 kayıp 0.3881
  epoch 38 adım 400/500 kayıp 0.3928
  epoch 38 adım 500/500 kayıp 0.3998
epoch 38: kayıp 0.3949, doğrulama MAE 2.91 BPM, en iyi 2.20 (epoch 0), 207 s [17:58:20]
  eğitim kümesi: 2225 video (465 kişi)
  epoch 39 adım 100/500 kayıp 0.3947
  epoch 39 adım 200/500 kayıp 0.4104
  epoch 39 adım 300/500 kayıp 0.3977
  epoch 39 adım 400/500 kayıp 0.4004
  epoch 39 adım 500/500 kayıp 0.3852
epoch 39: kayıp 0.3977, doğrulama MAE 2.75 BPM, en iyi 2.20 (epoch 0), 205 s [18:01:45]
  eğitim kümesi: 2273 video (477 kişi)
  epoch 40 adım 100/500 kayıp 0.3994
  epoch 40 adım 200/500 kayıp 0.3932
  epoch 40 adım 300/500 kayıp 0.3892
  epoch 40 adım 400/500 kayıp 0.3877
  epoch 40 adım 500/500 kayıp 0.3918
epoch 40: kayıp 0.3923, doğrulama MAE 2.82 BPM, en iyi 2.20 (epoch 0), 206 s [18:05:11]
  eğitim kümesi: 2325 video (486 kişi)
  epoch 41 adım 100/500 kayıp 0.4022
  epoch 41 adım 200/500 kayıp 0.3934
  epoch 41 adım 300/500 kayıp 0.3957
  epoch 41 adım 400/500 kayıp 0.4015
  epoch 41 adım 500/500 kayıp 0.3964
epoch 41: kayıp 0.3978, doğrulama MAE 2.97 BPM, en iyi 2.20 (epoch 0), 208 s [18:08:39]
  eğitim kümesi: 2370 video (495 kişi)
  epoch 42 adım 100/500 kayıp 0.3970
  epoch 42 adım 200/500 kayıp 0.3947
  epoch 42 adım 300/500 kayıp 0.4042
  epoch 42 adım 400/500 kayıp 0.3947
  epoch 42 adım 500/500 kayıp 0.3847
epoch 42: kayıp 0.3950, doğrulama MAE 2.63 BPM, en iyi 2.20 (epoch 0), 209 s [18:12:08]
  eğitim kümesi: 2420 video (505 kişi)
  epoch 43 adım 100/500 kayıp 0.3937
  epoch 43 adım 200/500 kayıp 0.4049
  epoch 43 adım 300/500 kayıp 0.3794
  epoch 43 adım 400/500 kayıp 0.4024
  epoch 43 adım 500/500 kayıp 0.3958
epoch 43: kayıp 0.3952, doğrulama MAE 2.73 BPM, en iyi 2.20 (epoch 0), 208 s [18:15:35]
  eğitim kümesi: 2468 video (515 kişi)
  epoch 44 adım 100/500 kayıp 0.3955
  epoch 44 adım 200/500 kayıp 0.3971
  epoch 44 adım 300/500 kayıp 0.3910
  epoch 44 adım 400/500 kayıp 0.4120
  epoch 44 adım 500/500 kayıp 0.3833
epoch 44: kayıp 0.3958, doğrulama MAE 2.76 BPM, en iyi 2.20 (epoch 0), 208 s [18:19:03]
  eğitim kümesi: 2505 video (523 kişi)
  epoch 45 adım 100/500 kayıp 0.3983
  epoch 45 adım 200/500 kayıp 0.4010
  epoch 45 adım 300/500 kayıp 0.4008
  epoch 45 adım 400/500 kayıp 0.3830
  epoch 45 adım 500/500 kayıp 0.3853
epoch 45: kayıp 0.3937, doğrulama MAE 2.71 BPM, en iyi 2.20 (epoch 0), 205 s [18:22:28]
  eğitim kümesi: 2558 video (533 kişi)
  epoch 46 adım 100/500 kayıp 0.3903
  epoch 46 adım 200/500 kayıp 0.3912
  epoch 46 adım 300/500 kayıp 0.3865
  epoch 46 adım 400/500 kayıp 0.3836
  epoch 46 adım 500/500 kayıp 0.4005
epoch 46: kayıp 0.3904, doğrulama MAE 2.82 BPM, en iyi 2.20 (epoch 0), 209 s [18:25:58]
  eğitim kümesi: 2604 video (542 kişi)
  epoch 47 adım 100/500 kayıp 0.4072
  epoch 47 adım 200/500 kayıp 0.3889
  epoch 47 adım 300/500 kayıp 0.3906
  epoch 47 adım 400/500 kayıp 0.3904
  epoch 47 adım 500/500 kayıp 0.3971
epoch 47: kayıp 0.3948, doğrulama MAE 2.77 BPM, en iyi 2.20 (epoch 0), 208 s [18:29:26]
  eğitim kümesi: 2641 video (550 kişi)
  epoch 48 adım 100/500 kayıp 0.3875
  epoch 48 adım 200/500 kayıp 0.3881
  epoch 48 adım 300/500 kayıp 0.3982
  epoch 48 adım 400/500 kayıp 0.4006
  epoch 48 adım 500/500 kayıp 0.3874
epoch 48: kayıp 0.3924, doğrulama MAE 2.79 BPM, en iyi 2.20 (epoch 0), 207 s [18:32:53]
  eğitim kümesi: 2702 video (561 kişi)
  epoch 49 adım 100/500 kayıp 0.3992
  epoch 49 adım 200/500 kayıp 0.3975
  epoch 49 adım 300/500 kayıp 0.3941
  epoch 49 adım 400/500 kayıp 0.3989
  epoch 49 adım 500/500 kayıp 0.3916
epoch 49: kayıp 0.3963, doğrulama MAE 2.76 BPM, en iyi 2.20 (epoch 0), 207 s [18:36:20]
  epoch 50 adım 100/500 kayıp 0.3948
  epoch 50 adım 200/500 kayıp 0.4009
  epoch 50 adım 300/500 kayıp 0.3983
  epoch 50 adım 400/500 kayıp 0.3978
  epoch 50 adım 500/500 kayıp 0.4000
epoch 50: kayıp 0.3984, doğrulama MAE 2.71 BPM, en iyi 2.20 (epoch 0), 195 s [18:39:35]
  epoch 51 adım 100/500 kayıp 0.4004
  epoch 51 adım 200/500 kayıp 0.3906
  epoch 51 adım 300/500 kayıp 0.3849
  epoch 51 adım 400/500 kayıp 0.4008
  epoch 51 adım 500/500 kayıp 0.3982
epoch 51: kayıp 0.3950, doğrulama MAE 2.80 BPM, en iyi 2.20 (epoch 0), 191 s [18:42:46]
  epoch 52 adım 100/500 kayıp 0.3962
  epoch 52 adım 200/500 kayıp 0.3803
  epoch 52 adım 300/500 kayıp 0.3908
  epoch 52 adım 400/500 kayıp 0.3968
  epoch 52 adım 500/500 kayıp 0.3817
epoch 52: kayıp 0.3891, doğrulama MAE 2.57 BPM, en iyi 2.20 (epoch 0), 190 s [18:45:57]
  epoch 53 adım 100/500 kayıp 0.4038
  epoch 53 adım 200/500 kayıp 0.3964
  epoch 53 adım 300/500 kayıp 0.3947
  epoch 53 adım 400/500 kayıp 0.3909
  epoch 53 adım 500/500 kayıp 0.3947
epoch 53: kayıp 0.3961, doğrulama MAE 2.75 BPM, en iyi 2.20 (epoch 0), 192 s [18:49:09]
  epoch 54 adım 100/500 kayıp 0.3987
  epoch 54 adım 200/500 kayıp 0.3997
  epoch 54 adım 300/500 kayıp 0.3962
  epoch 54 adım 400/500 kayıp 0.4009
  epoch 54 adım 500/500 kayıp 0.4026
epoch 54: kayıp 0.3996, doğrulama MAE 2.77 BPM, en iyi 2.20 (epoch 0), 192 s [18:52:20]
  epoch 55 adım 100/500 kayıp 0.3931
  epoch 55 adım 200/500 kayıp 0.3971
  epoch 55 adım 300/500 kayıp 0.4103
  epoch 55 adım 400/500 kayıp 0.4084
  epoch 55 adım 500/500 kayıp 0.4047
epoch 55: kayıp 0.4027, doğrulama MAE 2.71 BPM, en iyi 2.20 (epoch 0), 190 s [18:55:31]
  epoch 56 adım 100/500 kayıp 0.3937
  epoch 56 adım 200/500 kayıp 0.3996
  epoch 56 adım 300/500 kayıp 0.3933
  epoch 56 adım 400/500 kayıp 0.3904
  epoch 56 adım 500/500 kayıp 0.3977
epoch 56: kayıp 0.3949, doğrulama MAE 2.66 BPM, en iyi 2.20 (epoch 0), 190 s [18:58:41]
  epoch 57 adım 100/500 kayıp 0.4018
  epoch 57 adım 200/500 kayıp 0.3941
  epoch 57 adım 300/500 kayıp 0.3754
  epoch 57 adım 400/500 kayıp 0.4007
  epoch 57 adım 500/500 kayıp 0.3966
epoch 57: kayıp 0.3937, doğrulama MAE 2.65 BPM, en iyi 2.20 (epoch 0), 191 s [19:01:53]
  epoch 58 adım 100/500 kayıp 0.3748
  epoch 58 adım 200/500 kayıp 0.3918
  epoch 58 adım 300/500 kayıp 0.3970
  epoch 58 adım 400/500 kayıp 0.4079
  epoch 58 adım 500/500 kayıp 0.3928
epoch 58: kayıp 0.3929, doğrulama MAE 2.73 BPM, en iyi 2.20 (epoch 0), 190 s [19:05:03]
  epoch 59 adım 100/500 kayıp 0.3972
  epoch 59 adım 200/500 kayıp 0.4057
  epoch 59 adım 300/500 kayıp 0.4062
  epoch 59 adım 400/500 kayıp 0.3687
  epoch 59 adım 500/500 kayıp 0.3846
epoch 59: kayıp 0.3925, doğrulama MAE 2.76 BPM, en iyi 2.20 (epoch 0), 192 s [19:08:15]
  epoch 60 adım 100/500 kayıp 0.3899
  epoch 60 adım 200/500 kayıp 0.3887
  epoch 60 adım 300/500 kayıp 0.3996
  epoch 60 adım 400/500 kayıp 0.4011
  epoch 60 adım 500/500 kayıp 0.3953
epoch 60: kayıp 0.3949, doğrulama MAE 2.67 BPM, en iyi 2.20 (epoch 0), 192 s [19:11:27]
  epoch 61 adım 100/500 kayıp 0.3940
  epoch 61 adım 200/500 kayıp 0.3802
  epoch 61 adım 300/500 kayıp 0.3967
  epoch 61 adım 400/500 kayıp 0.3798
  epoch 61 adım 500/500 kayıp 0.3979
epoch 61: kayıp 0.3897, doğrulama MAE 2.80 BPM, en iyi 2.20 (epoch 0), 193 s [19:14:40]
  epoch 62 adım 100/500 kayıp 0.3938
  epoch 62 adım 200/500 kayıp 0.3901
  epoch 62 adım 300/500 kayıp 0.3865
  epoch 62 adım 400/500 kayıp 0.3836
  epoch 62 adım 500/500 kayıp 0.3927
epoch 62: kayıp 0.3893, doğrulama MAE 2.79 BPM, en iyi 2.20 (epoch 0), 191 s [19:17:51]
  epoch 63 adım 100/500 kayıp 0.4017
  epoch 63 adım 200/500 kayıp 0.3959
  epoch 63 adım 300/500 kayıp 0.3960
  epoch 63 adım 400/500 kayıp 0.4006
  epoch 63 adım 500/500 kayıp 0.3883
epoch 63: kayıp 0.3965, doğrulama MAE 2.77 BPM, en iyi 2.20 (epoch 0), 192 s [19:21:03]
  epoch 64 adım 100/500 kayıp 0.3973
  epoch 64 adım 200/500 kayıp 0.3912
  epoch 64 adım 300/500 kayıp 0.3940
  epoch 64 adım 400/500 kayıp 0.3913
  epoch 64 adım 500/500 kayıp 0.4023
epoch 64: kayıp 0.3952, doğrulama MAE 2.75 BPM, en iyi 2.20 (epoch 0), 191 s [19:24:14]
  epoch 65 adım 100/500 kayıp 0.3905
  epoch 65 adım 200/500 kayıp 0.4029
  epoch 65 adım 300/500 kayıp 0.3951
  epoch 65 adım 400/500 kayıp 0.3891
  epoch 65 adım 500/500 kayıp 0.3936
epoch 65: kayıp 0.3942, doğrulama MAE 2.71 BPM, en iyi 2.20 (epoch 0), 192 s [19:27:26]
  epoch 66 adım 100/500 kayıp 0.3976
  epoch 66 adım 200/500 kayıp 0.3895
  epoch 66 adım 300/500 kayıp 0.4044
  epoch 66 adım 400/500 kayıp 0.3933
  epoch 66 adım 500/500 kayıp 0.4063
epoch 66: kayıp 0.3982, doğrulama MAE 2.75 BPM, en iyi 2.20 (epoch 0), 192 s [19:30:38]
  epoch 67 adım 100/500 kayıp 0.3911
  epoch 67 adım 200/500 kayıp 0.3928
  epoch 67 adım 300/500 kayıp 0.4101
  epoch 67 adım 400/500 kayıp 0.3833
  epoch 67 adım 500/500 kayıp 0.3902
epoch 67: kayıp 0.3935, doğrulama MAE 2.81 BPM, en iyi 2.20 (epoch 0), 193 s [19:33:51]
  epoch 68 adım 100/500 kayıp 0.3971
  epoch 68 adım 200/500 kayıp 0.3875
  epoch 68 adım 300/500 kayıp 0.3926
  epoch 68 adım 400/500 kayıp 0.3955
  epoch 68 adım 500/500 kayıp 0.3951
epoch 68: kayıp 0.3936, doğrulama MAE 2.88 BPM, en iyi 2.20 (epoch 0), 191 s [19:37:02]
  epoch 69 adım 100/500 kayıp 0.3915
  epoch 69 adım 200/500 kayıp 0.3959
  epoch 69 adım 300/500 kayıp 0.3912
  epoch 69 adım 400/500 kayıp 0.3934
  epoch 69 adım 500/500 kayıp 0.4049
epoch 69: kayıp 0.3954, doğrulama MAE 2.79 BPM, en iyi 2.20 (epoch 0), 192 s [19:40:13]
  epoch 70 adım 100/500 kayıp 0.4025
  epoch 70 adım 200/500 kayıp 0.3788
  epoch 70 adım 300/500 kayıp 0.4011
  epoch 70 adım 400/500 kayıp 0.3898
  epoch 70 adım 500/500 kayıp 0.3847
epoch 70: kayıp 0.3914, doğrulama MAE 2.85 BPM, en iyi 2.20 (epoch 0), 191 s [19:43:24]
  epoch 71 adım 100/500 kayıp 0.3897
  epoch 71 adım 200/500 kayıp 0.3912
  epoch 71 adım 300/500 kayıp 0.3929
  epoch 71 adım 400/500 kayıp 0.3874
  epoch 71 adım 500/500 kayıp 0.3738
epoch 71: kayıp 0.3870, doğrulama MAE 2.77 BPM, en iyi 2.20 (epoch 0), 192 s [19:46:36]
  epoch 72 adım 100/500 kayıp 0.3896
  epoch 72 adım 200/500 kayıp 0.3905
  epoch 72 adım 300/500 kayıp 0.3935
  epoch 72 adım 400/500 kayıp 0.3956
  epoch 72 adım 500/500 kayıp 0.3833
epoch 72: kayıp 0.3905, doğrulama MAE 2.84 BPM, en iyi 2.20 (epoch 0), 192 s [19:49:48]
  epoch 73 adım 100/500 kayıp 0.3767
  epoch 73 adım 200/500 kayıp 0.3952
  epoch 73 adım 300/500 kayıp 0.3924
  epoch 73 adım 400/500 kayıp 0.3771
  epoch 73 adım 500/500 kayıp 0.3863
epoch 73: kayıp 0.3855, doğrulama MAE 2.84 BPM, en iyi 2.20 (epoch 0), 193 s [19:53:01]
  epoch 74 adım 100/500 kayıp 0.4008
  epoch 74 adım 200/500 kayıp 0.3914
  epoch 74 adım 300/500 kayıp 0.3831
  epoch 74 adım 400/500 kayıp 0.4054
  epoch 74 adım 500/500 kayıp 0.3868
epoch 74: kayıp 0.3935, doğrulama MAE 2.74 BPM, en iyi 2.20 (epoch 0), 191 s [19:56:12]
  epoch 75 adım 100/500 kayıp 0.3926
  epoch 75 adım 200/500 kayıp 0.3749
  epoch 75 adım 300/500 kayıp 0.3975
  epoch 75 adım 400/500 kayıp 0.3895
  epoch 75 adım 500/500 kayıp 0.3870
epoch 75: kayıp 0.3883, doğrulama MAE 2.79 BPM, en iyi 2.20 (epoch 0), 192 s [19:59:23]
  epoch 76 adım 100/500 kayıp 0.4037
  epoch 76 adım 200/500 kayıp 0.3798
  epoch 76 adım 300/500 kayıp 0.3861
  epoch 76 adım 400/500 kayıp 0.3896
  epoch 76 adım 500/500 kayıp 0.3869
epoch 76: kayıp 0.3892, doğrulama MAE 2.79 BPM, en iyi 2.20 (epoch 0), 191 s [20:02:34]
  epoch 77 adım 100/500 kayıp 0.3868
  epoch 77 adım 200/500 kayıp 0.3911
  epoch 77 adım 300/500 kayıp 0.3959
  epoch 77 adım 400/500 kayıp 0.3994
  epoch 77 adım 500/500 kayıp 0.3922
epoch 77: kayıp 0.3931, doğrulama MAE 2.80 BPM, en iyi 2.20 (epoch 0), 192 s [20:05:46]
  epoch 78 adım 100/500 kayıp 0.3892
  epoch 78 adım 200/500 kayıp 0.3877
  epoch 78 adım 300/500 kayıp 0.3925
  epoch 78 adım 400/500 kayıp 0.3850
  epoch 78 adım 500/500 kayıp 0.3903
epoch 78: kayıp 0.3890, doğrulama MAE 2.75 BPM, en iyi 2.20 (epoch 0), 192 s [20:08:58]
  epoch 79 adım 100/500 kayıp 0.3901
  epoch 79 adım 200/500 kayıp 0.3812
  epoch 79 adım 300/500 kayıp 0.3727
  epoch 79 adım 400/500 kayıp 0.3870
  epoch 79 adım 500/500 kayıp 0.3707
epoch 79: kayıp 0.3804, doğrulama MAE 2.78 BPM, en iyi 2.20 (epoch 0), 193 s [20:12:11]
  epoch 80 adım 100/500 kayıp 0.3857
  epoch 80 adım 200/500 kayıp 0.3760
  epoch 80 adım 300/500 kayıp 0.3829
  epoch 80 adım 400/500 kayıp 0.3899
  epoch 80 adım 500/500 kayıp 0.3777
epoch 80: kayıp 0.3824, doğrulama MAE 2.71 BPM, en iyi 2.20 (epoch 0), 191 s [20:15:22]
  epoch 81 adım 100/500 kayıp 0.3908
  epoch 81 adım 200/500 kayıp 0.3893
  epoch 81 adım 300/500 kayıp 0.3920
  epoch 81 adım 400/500 kayıp 0.3842
  epoch 81 adım 500/500 kayıp 0.3933
epoch 81: kayıp 0.3899, doğrulama MAE 2.80 BPM, en iyi 2.20 (epoch 0), 192 s [20:18:33]
  epoch 82 adım 100/500 kayıp 0.3853
  epoch 82 adım 200/500 kayıp 0.3882
  epoch 82 adım 300/500 kayıp 0.3948
  epoch 82 adım 400/500 kayıp 0.3825
  epoch 82 adım 500/500 kayıp 0.3994
epoch 82: kayıp 0.3900, doğrulama MAE 2.77 BPM, en iyi 2.20 (epoch 0), 191 s [20:21:44]
  epoch 83 adım 100/500 kayıp 0.3968
  epoch 83 adım 200/500 kayıp 0.3822
  epoch 83 adım 300/500 kayıp 0.3872
  epoch 83 adım 400/500 kayıp 0.3934
  epoch 83 adım 500/500 kayıp 0.3871
epoch 83: kayıp 0.3893, doğrulama MAE 2.86 BPM, en iyi 2.20 (epoch 0), 192 s [20:24:56]
  epoch 84 adım 100/500 kayıp 0.3866
  epoch 84 adım 200/500 kayıp 0.3883
  epoch 84 adım 300/500 kayıp 0.3831
  epoch 84 adım 400/500 kayıp 0.3941
  epoch 84 adım 500/500 kayıp 0.3815
epoch 84: kayıp 0.3867, doğrulama MAE 2.83 BPM, en iyi 2.20 (epoch 0), 192 s [20:28:08]
  epoch 85 adım 100/500 kayıp 0.4022
  epoch 85 adım 200/500 kayıp 0.3880
  epoch 85 adım 300/500 kayıp 0.4013
  epoch 85 adım 400/500 kayıp 0.3748
  epoch 85 adım 500/500 kayıp 0.3893
epoch 85: kayıp 0.3911, doğrulama MAE 2.74 BPM, en iyi 2.20 (epoch 0), 193 s [20:31:21]
  epoch 86 adım 100/500 kayıp 0.3828
  epoch 86 adım 200/500 kayıp 0.3961
  epoch 86 adım 300/500 kayıp 0.3929
  epoch 86 adım 400/500 kayıp 0.3782
  epoch 86 adım 500/500 kayıp 0.3930
epoch 86: kayıp 0.3886, doğrulama MAE 2.77 BPM, en iyi 2.20 (epoch 0), 191 s [20:34:32]
  epoch 87 adım 100/500 kayıp 0.3854
  epoch 87 adım 200/500 kayıp 0.3917
  epoch 87 adım 300/500 kayıp 0.3964
  epoch 87 adım 400/500 kayıp 0.3967
  epoch 87 adım 500/500 kayıp 0.3987
epoch 87: kayıp 0.3938, doğrulama MAE 2.83 BPM, en iyi 2.20 (epoch 0), 191 s [20:37:43]
  epoch 88 adım 100/500 kayıp 0.3917
  epoch 88 adım 200/500 kayıp 0.3884
  epoch 88 adım 300/500 kayıp 0.3797
  epoch 88 adım 400/500 kayıp 0.3850
  epoch 88 adım 500/500 kayıp 0.4026
epoch 88: kayıp 0.3895, doğrulama MAE 2.75 BPM, en iyi 2.20 (epoch 0), 191 s [20:40:55]
  epoch 89 adım 100/500 kayıp 0.3930
  epoch 89 adım 200/500 kayıp 0.3822
  epoch 89 adım 300/500 kayıp 0.3836
  epoch 89 adım 400/500 kayıp 0.3979
  epoch 89 adım 500/500 kayıp 0.3947
epoch 89: kayıp 0.3903, doğrulama MAE 2.77 BPM, en iyi 2.20 (epoch 0), 192 s [20:44:07]
  epoch 90 adım 100/500 kayıp 0.3957
  epoch 90 adım 200/500 kayıp 0.3845
  epoch 90 adım 300/500 kayıp 0.3891
  epoch 90 adım 400/500 kayıp 0.3857
  epoch 90 adım 500/500 kayıp 0.3907
epoch 90: kayıp 0.3891, doğrulama MAE 2.86 BPM, en iyi 2.20 (epoch 0), 192 s [20:47:19]
  epoch 91 adım 100/500 kayıp 0.3840
  epoch 91 adım 200/500 kayıp 0.3898
  epoch 91 adım 300/500 kayıp 0.3868
  epoch 91 adım 400/500 kayıp 0.3835
  epoch 91 adım 500/500 kayıp 0.3900
epoch 91: kayıp 0.3868, doğrulama MAE 2.84 BPM, en iyi 2.20 (epoch 0), 193 s [20:50:32]
  epoch 92 adım 100/500 kayıp 0.3945
  epoch 92 adım 200/500 kayıp 0.3779
  epoch 92 adım 300/500 kayıp 0.3997
  epoch 92 adım 400/500 kayıp 0.3923
  epoch 92 adım 500/500 kayıp 0.3744
epoch 92: kayıp 0.3878, doğrulama MAE 2.79 BPM, en iyi 2.20 (epoch 0), 191 s [20:53:43]
  epoch 93 adım 100/500 kayıp 0.3918
  epoch 93 adım 200/500 kayıp 0.3876
  epoch 93 adım 300/500 kayıp 0.3884
  epoch 93 adım 400/500 kayıp 0.3804
  epoch 93 adım 500/500 kayıp 0.3898
epoch 93: kayıp 0.3876, doğrulama MAE 2.86 BPM, en iyi 2.20 (epoch 0), 192 s [20:56:54]
  epoch 94 adım 100/500 kayıp 0.3947
  epoch 94 adım 200/500 kayıp 0.3859
  epoch 94 adım 300/500 kayıp 0.3865
  epoch 94 adım 400/500 kayıp 0.3990
  epoch 94 adım 500/500 kayıp 0.3953
epoch 94: kayıp 0.3923, doğrulama MAE 2.85 BPM, en iyi 2.20 (epoch 0), 191 s [21:00:05]
  epoch 95 adım 100/500 kayıp 0.3931
  epoch 95 adım 200/500 kayıp 0.3915
  epoch 95 adım 300/500 kayıp 0.3831
  epoch 95 adım 400/500 kayıp 0.3759
  epoch 95 adım 500/500 kayıp 0.3861
epoch 95: kayıp 0.3860, doğrulama MAE 2.83 BPM, en iyi 2.20 (epoch 0), 192 s [21:03:18]
  epoch 96 adım 100/500 kayıp 0.3831
  epoch 96 adım 200/500 kayıp 0.3882
  epoch 96 adım 300/500 kayıp 0.3863
  epoch 96 adım 400/500 kayıp 0.4016
  epoch 96 adım 500/500 kayıp 0.3977
epoch 96: kayıp 0.3914, doğrulama MAE 2.82 BPM, en iyi 2.20 (epoch 0), 192 s [21:06:30]
  epoch 97 adım 100/500 kayıp 0.3999
  epoch 97 adım 200/500 kayıp 0.3816
  epoch 97 adım 300/500 kayıp 0.3829
  epoch 97 adım 400/500 kayıp 0.3884
  epoch 97 adım 500/500 kayıp 0.3775
epoch 97: kayıp 0.3861, doğrulama MAE 2.82 BPM, en iyi 2.20 (epoch 0), 193 s [21:09:43]
  epoch 98 adım 100/500 kayıp 0.3926
  epoch 98 adım 200/500 kayıp 0.3894
  epoch 98 adım 300/500 kayıp 0.3869
  epoch 98 adım 400/500 kayıp 0.3767
  epoch 98 adım 500/500 kayıp 0.3825
epoch 98: kayıp 0.3856, doğrulama MAE 2.73 BPM, en iyi 2.20 (epoch 0), 191 s [21:12:54]
  epoch 99 adım 100/500 kayıp 0.3847
  epoch 99 adım 200/500 kayıp 0.3942
  epoch 99 adım 300/500 kayıp 0.3950
  epoch 99 adım 400/500 kayıp 0.3899
  epoch 99 adım 500/500 kayıp 0.4008
epoch 99: kayıp 0.3929, doğrulama MAE 2.81 BPM, en iyi 2.20 (epoch 0), 191 s [21:16:05]
  epoch 100 adım 100/500 kayıp 0.3954
  epoch 100 adım 200/500 kayıp 0.3833
  epoch 100 adım 300/500 kayıp 0.3699
  epoch 100 adım 400/500 kayıp 0.3950
  epoch 100 adım 500/500 kayıp 0.3811
epoch 100: kayıp 0.3850, doğrulama MAE 2.83 BPM, en iyi 2.20 (epoch 0), 191 s [21:19:16]
bitti
